
> crushgoals@0.1.0 build
> next build

Γû▓ Next.js 16.1.6 (Turbopack)
- Environments: .env.local

node.exe : ΓÜá The 
"middleware" file 
convention is 
deprecated. Please 
use "proxy" instead. 
Learn more: https://ne
xtjs.org/docs/messages
/middleware-to-proxy
At C:\Program Files\no
dejs\npm.ps1:29 char:3
+   & $NODE_EXE 
$NPM_CLI_JS $args
+   ~~~~~~~~~~~~~~~~~~
~~~~~~~~~~~
    + CategoryInfo    
          : NotSpeci  
  fied: (ΓÜá The "m   
 iddle...leware-to    
-proxy:String) []    
, RemoteException
    + FullyQualifiedE 
   rrorId : NativeCo  
  mmandError
 
  Creating an optimized production build ...
Γ£ô Compiled successfully in 15.6s
  Running TypeScript ...
  Collecting page data using 3 workers ...
  Generating static pages using 3 workers (0/20) ...
  Generating static pages using 3 workers (5/20) 
  Generating static pages using 3 workers (10/20) 
  Generating static pages using 3 workers (15/20) 
Γ¿» useSearchParams() 
should be wrapped in 
a suspense boundary 
at page "/dashboard". 
Read more: https://nex
tjs.org/docs/messages/
missing-suspense-with-
csr-bailout
    at Q (C:\Users\ayi
ba\OneDrive\Desktop\PR
OJECTS\LetsCr8t\CrushG
oals\crushgoals\.next\
server\chunks\ssr\node
_modules_next_920e7746
._.js:2:2111)
    at o (C:\Users\ayi
ba\OneDrive\Desktop\PR
OJECTS\LetsCr8t\CrushG
oals\crushgoals\.next\
server\chunks\ssr\node
_modules_next_920e7746
._.js:4:5284)
    at o (C:\Users\ayi
ba\OneDrive\Desktop\PR
OJECTS\LetsCr8t\CrushG
oals\crushgoals\.next\
server\chunks\ssr\_287
515fc._.js:1:11400)
    at an (C:\Users\ay
iba\OneDrive\Desktop\P
ROJECTS\LetsCr8t\Crush
Goals\crushgoals\node_
modules\next\dist\comp
iled\next-server\app-p
age-turbo.runtime.prod
.js:2:84360)
    at ai (C:\Users\ay
iba\OneDrive\Desktop\P
ROJECTS\LetsCr8t\Crush
Goals\crushgoals\node_
modules\next\dist\comp
iled\next-server\app-p
age-turbo.runtime.prod
.js:2:86179)
    at al (C:\Users\ay
iba\OneDrive\Desktop\P
ROJECTS\LetsCr8t\Crush
Goals\crushgoals\node_
modules\next\dist\comp
iled\next-server\app-p
age-turbo.runtime.prod
.js:2:107953)
    at as (C:\Users\ay
iba\OneDrive\Desktop\P
ROJECTS\LetsCr8t\Crush
Goals\crushgoals\node_
modules\next\dist\comp
iled\next-server\app-p
age-turbo.runtime.prod
.js:2:105368)
    at aa (C:\Users\ay
iba\OneDrive\Desktop\P
ROJECTS\LetsCr8t\Crush
Goals\crushgoals\node_
modules\next\dist\comp
iled\next-server\app-p
age-turbo.runtime.prod
.js:2:84712)
    at ai (C:\Users\ay
iba\OneDrive\Desktop\P
ROJECTS\LetsCr8t\Crush
Goals\crushgoals\node_
modules\next\dist\comp
iled\next-server\app-p
age-turbo.runtime.prod
.js:2:86228)
    at ai (C:\Users\ay
iba\OneDrive\Desktop\P
ROJECTS\LetsCr8t\Crush
Goals\crushgoals\node_
modules\next\dist\comp
iled\next-server\app-p
age-turbo.runtime.prod
.js:2:104708)
Error occurred 
prerendering page 
"/dashboard". Read 
more: https://nextjs.o
rg/docs/messages/prere
nder-error
Export encountered an 
error on 
/dashboard/page: 
/dashboard, exiting 
the build.
Γ¿» Next.js build 
worker exited with 
code: 1 and signal: 
null
